#-----------------------------------------------------------
# Vivado v2024.2 (64-bit)
# SW Build 5239630 on Fri Nov 08 22:35:27 MST 2024
# IP Build 5239520 on Sun Nov 10 16:12:51 MST 2024
# SharedData Build 5239561 on Fri Nov 08 14:39:27 MST 2024
# Start of session at: Fri Dec 12 15:12:29 2025
# Process ID         : 27608
# Current directory  : D:/Subject/SoCs/Lab/Lab 1/Homework/hw/hw.runs/impl_1
# Command line       : vivado.exe -log divider_unsigned.vdi -applog -product Vivado -messageDb vivado.pb -mode batch -source divider_unsigned.tcl -notrace
# Log file           : D:/Subject/SoCs/Lab/Lab 1/Homework/hw/hw.runs/impl_1/divider_unsigned.vdi
# Journal file       : D:/Subject/SoCs/Lab/Lab 1/Homework/hw/hw.runs/impl_1\vivado.jou
# Running On         : BadSugarDaddy
# Platform           : Windows Server 2016 or Windows 10
# Operating System   : 26200
# Processor Detail   : 12th Gen Intel(R) Core(TM) i7-12700H
# CPU Frequency      : 2688 MHz
# CPU Physical cores : 14
# CPU Logical cores  : 20
# Host memory        : 16869 MB
# Swap memory        : 14495 MB
# Total Virtual      : 31365 MB
# Available Virtual  : 10323 MB
#-----------------------------------------------------------
source divider_unsigned.tcl -notrace
